Starting a Gradle Daemon, 2 incompatible and 1 stopped Daemons could not be reused, use --status for details

> Configure project :a
WARNING: The option setting 'android.usesSdkInManifest.disallowed=false' is deprecated.
The current default is 'true'.
It will be removed in version 10.0 of the Android Gradle plugin.
Add android.sync.suppressAgpWarnings=UNSUPPORTED_PROJECT_OPTION_USE to the gradle.properties file to suppress this warning.
WARNING: The option setting 'android.sdk.defaultTargetSdkToCompileSdkIfUnset=false' is deprecated.
The current default is 'true'.
It will be removed in version 10.0 of the Android Gradle plugin.
Add android.sync.suppressAgpWarnings=UNSUPPORTED_PROJECT_OPTION_USE to the gradle.properties file to suppress this warning.
WARNING: The option setting 'android.enableAppCompileTimeRClass=false' is deprecated.
The current default is 'true'.
It will be removed in version 10.0 of the Android Gradle plugin.
Add android.sync.suppressAgpWarnings=UNSUPPORTED_PROJECT_OPTION_USE to the gradle.properties file to suppress this warning.
WARNING: The option setting 'android.builtInKotlin=false' is deprecated.
The current default is 'true'.
It will be removed in version 10.0 of the Android Gradle plugin.
Add android.sync.suppressAgpWarnings=UNSUPPORTED_PROJECT_OPTION_USE to the gradle.properties file to suppress this warning.
WARNING: The option setting 'android.newDsl=false' is deprecated.
The current default is 'true'.
It will be removed in version 10.0 of the Android Gradle plugin.
Add android.sync.suppressAgpWarnings=UNSUPPORTED_PROJECT_OPTION_USE to the gradle.properties file to suppress this warning.
WARNING: The option setting 'android.r8.optimizedResourceShrinking=false' is deprecated.
The current default is 'true'.
It will be removed in version 10.0 of the Android Gradle plugin.
Add android.sync.suppressAgpWarnings=UNSUPPORTED_PROJECT_OPTION_USE to the gradle.properties file to suppress this warning.
WARNING: The option setting 'android.defaults.buildfeatures.resvalues=true' is deprecated.
The current default is 'false'.
It will be removed in version 10.0 of the Android Gradle plugin.
Add android.sync.suppressAgpWarnings=UNSUPPORTED_PROJECT_OPTION_USE to the gradle.properties file to suppress this warning.
WARNING: The option setting 'android.enableJetifier=true' is deprecated.
The current default is 'false'.
It will be removed in version 10.0 of the Android Gradle plugin.
Add android.sync.suppressAgpWarnings=UNSUPPORTED_PROJECT_OPTION_USE to the gradle.properties file to suppress this warning.
WARNING: API 'libraryVariants' is obsolete and has been replaced with 'AndroidComponentsExtension'.
It will be removed in version 10.0 of the Android Gradle plugin.
The legacy variant API is disabled by default in AGP 9.0, but can be re-enabled by adding 
    android.newDsl=false
to this project's gradle.properties file.
For more information, see http://developer.android.com/build/r/new-dsl.

To determine what is calling libraryVariants, use -Pandroid.debug.obsoleteApi=true on the command line to display more information.
Add android.sync.suppressAgpWarnings=DEPRECATED_DSL to the gradle.properties file to suppress this warning.
WARNING: API 'testVariants' is obsolete and has been replaced with 'AndroidComponentsExtension'.
It will be removed in version 10.0 of the Android Gradle plugin.
The legacy variant API is disabled by default in AGP 9.0, but can be re-enabled by adding 
    android.newDsl=false
to this project's gradle.properties file.
For more information, see http://developer.android.com/build/r/new-dsl.

To determine what is calling testVariants, use -Pandroid.debug.obsoleteApi=true on the command line to display more information.
Add android.sync.suppressAgpWarnings=DEPRECATED_DSL to the gradle.properties file to suppress this warning.
WARNING: API 'unitTestVariants' is obsolete and has been replaced with 'AndroidComponentsExtension'.
It will be removed in version 10.0 of the Android Gradle plugin.
The legacy variant API is disabled by default in AGP 9.0, but can be re-enabled by adding 
    android.newDsl=false
to this project's gradle.properties file.
For more information, see http://developer.android.com/build/r/new-dsl.

To determine what is calling unitTestVariants, use -Pandroid.debug.obsoleteApi=true on the command line to display more information.
Add android.sync.suppressAgpWarnings=DEPRECATED_DSL to the gradle.properties file to suppress this warning.
WARNING: The property android.dependency.excludeLibraryComponentsFromConstraints improves project import performance for very large projects. It should be enabled to improve performance.
To suppress this warning, add android.generateSyncIssueWhenLibraryConstraintsAreEnabled=false to gradle.properties
Add android.sync.suppressAgpWarnings=LIBRARY_CONSTRAINTS_SHOULD_BE_DISABLED to the gradle.properties file to suppress this warning.
WARNING: The property android.dependency.excludeLibraryComponentsFromConstraints improves project import performance for very large projects. It should be enabled to improve performance.
To suppress this warning, add android.generateSyncIssueWhenLibraryConstraintsAreEnabled=false to gradle.properties
Add android.sync.suppressAgpWarnings=LIBRARY_CONSTRAINTS_SHOULD_BE_DISABLED to the gradle.properties file to suppress this warning.
WARNING: The property android.dependency.excludeLibraryComponentsFromConstraints improves project import performance for very large projects. It should be enabled to improve performance.
To suppress this warning, add android.generateSyncIssueWhenLibraryConstraintsAreEnabled=false to gradle.properties
Add android.sync.suppressAgpWarnings=LIBRARY_CONSTRAINTS_SHOULD_BE_DISABLED to the gradle.properties file to suppress this warning.
WARNING: The property android.dependency.excludeLibraryComponentsFromConstraints improves project import performance for very large projects. It should be enabled to improve performance.
To suppress this warning, add android.generateSyncIssueWhenLibraryConstraintsAreEnabled=false to gradle.properties
Add android.sync.suppressAgpWarnings=LIBRARY_CONSTRAINTS_SHOULD_BE_DISABLED to the gradle.properties file to suppress this warning.

> Configure project :app
WARNING: API 'applicationVariants' is obsolete and has been replaced with 'AndroidComponentsExtension'.
It will be removed in version 10.0 of the Android Gradle plugin.
The legacy variant API is disabled by default in AGP 9.0, but can be re-enabled by adding 
    android.newDsl=false
to this project's gradle.properties file.
For more information, see http://developer.android.com/build/r/new-dsl.

To determine what is calling applicationVariants, use -Pandroid.debug.obsoleteApi=true on the command line to display more information.
Add android.sync.suppressAgpWarnings=DEPRECATED_DSL to the gradle.properties file to suppress this warning.
XmlClassGuard version is 1.2.7, agpVersion=9.4.0
WARNING: The property android.dependency.excludeLibraryComponentsFromConstraints improves project import performance for very large projects. It should be enabled to improve performance.
To suppress this warning, add android.generateSyncIssueWhenLibraryConstraintsAreEnabled=false to gradle.properties
Add android.sync.suppressAgpWarnings=LIBRARY_CONSTRAINTS_SHOULD_BE_DISABLED to the gradle.properties file to suppress this warning.
WARNING: The property android.dependency.excludeLibraryComponentsFromConstraints improves project import performance for very large projects. It should be enabled to improve performance.
To suppress this warning, add android.generateSyncIssueWhenLibraryConstraintsAreEnabled=false to gradle.properties
Add android.sync.suppressAgpWarnings=LIBRARY_CONSTRAINTS_SHOULD_BE_DISABLED to the gradle.properties file to suppress this warning.
WARNING: The property android.dependency.excludeLibraryComponentsFromConstraints improves project import performance for very large projects. It should be enabled to improve performance.
To suppress this warning, add android.generateSyncIssueWhenLibraryConstraintsAreEnabled=false to gradle.properties
Add android.sync.suppressAgpWarnings=LIBRARY_CONSTRAINTS_SHOULD_BE_DISABLED to the gradle.properties file to suppress this warning.
WARNING: The property android.dependency.excludeLibraryComponentsFromConstraints improves project import performance for very large projects. It should be enabled to improve performance.
To suppress this warning, add android.generateSyncIssueWhenLibraryConstraintsAreEnabled=false to gradle.properties
Add android.sync.suppressAgpWarnings=LIBRARY_CONSTRAINTS_SHOULD_BE_DISABLED to the gradle.properties file to suppress this warning.

> Configure project :key
WARNING: The property android.dependency.excludeLibraryComponentsFromConstraints improves project import performance for very large projects. It should be enabled to improve performance.
To suppress this warning, add android.generateSyncIssueWhenLibraryConstraintsAreEnabled=false to gradle.properties
Add android.sync.suppressAgpWarnings=LIBRARY_CONSTRAINTS_SHOULD_BE_DISABLED to the gradle.properties file to suppress this warning.
WARNING: The property android.dependency.excludeLibraryComponentsFromConstraints improves project import performance for very large projects. It should be enabled to improve performance.
To suppress this warning, add android.generateSyncIssueWhenLibraryConstraintsAreEnabled=false to gradle.properties
Add android.sync.suppressAgpWarnings=LIBRARY_CONSTRAINTS_SHOULD_BE_DISABLED to the gradle.properties file to suppress this warning.
WARNING: The property android.dependency.excludeLibraryComponentsFromConstraints improves project import performance for very large projects. It should be enabled to improve performance.
To suppress this warning, add android.generateSyncIssueWhenLibraryConstraintsAreEnabled=false to gradle.properties
Add android.sync.suppressAgpWarnings=LIBRARY_CONSTRAINTS_SHOULD_BE_DISABLED to the gradle.properties file to suppress this warning.
WARNING: The property android.dependency.excludeLibraryComponentsFromConstraints improves project import performance for very large projects. It should be enabled to improve performance.
To suppress this warning, add android.generateSyncIssueWhenLibraryConstraintsAreEnabled=false to gradle.properties
Add android.sync.suppressAgpWarnings=LIBRARY_CONSTRAINTS_SHOULD_BE_DISABLED to the gradle.properties file to suppress this warning.

> Configure project :module:architecture
WARNING: The property android.dependency.excludeLibraryComponentsFromConstraints improves project import performance for very large projects. It should be enabled to improve performance.
To suppress this warning, add android.generateSyncIssueWhenLibraryConstraintsAreEnabled=false to gradle.properties
Add android.sync.suppressAgpWarnings=LIBRARY_CONSTRAINTS_SHOULD_BE_DISABLED to the gradle.properties file to suppress this warning.
WARNING: The property android.dependency.excludeLibraryComponentsFromConstraints improves project import performance for very large projects. It should be enabled to improve performance.
To suppress this warning, add android.generateSyncIssueWhenLibraryConstraintsAreEnabled=false to gradle.properties
Add android.sync.suppressAgpWarnings=LIBRARY_CONSTRAINTS_SHOULD_BE_DISABLED to the gradle.properties file to suppress this warning.
WARNING: The property android.dependency.excludeLibraryComponentsFromConstraints improves project import performance for very large projects. It should be enabled to improve performance.
To suppress this warning, add android.generateSyncIssueWhenLibraryConstraintsAreEnabled=false to gradle.properties
Add android.sync.suppressAgpWarnings=LIBRARY_CONSTRAINTS_SHOULD_BE_DISABLED to the gradle.properties file to suppress this warning.
WARNING: The property android.dependency.excludeLibraryComponentsFromConstraints improves project import performance for very large projects. It should be enabled to improve performance.
To suppress this warning, add android.generateSyncIssueWhenLibraryConstraintsAreEnabled=false to gradle.properties
Add android.sync.suppressAgpWarnings=LIBRARY_CONSTRAINTS_SHOULD_BE_DISABLED to the gradle.properties file to suppress this warning.
architecture: 'annotationProcessor' dependencies won't be recognized as kapt annotation processors. Please change the configuration name to 'kapt' for these artifacts: 'com.github.bumptech.glide:compiler:4.16.0'.

> Configure project :module:drawboard
WARNING: The property android.dependency.excludeLibraryComponentsFromConstraints improves project import performance for very large projects. It should be enabled to improve performance.
To suppress this warning, add android.generateSyncIssueWhenLibraryConstraintsAreEnabled=false to gradle.properties
Add android.sync.suppressAgpWarnings=LIBRARY_CONSTRAINTS_SHOULD_BE_DISABLED to the gradle.properties file to suppress this warning.
WARNING: The property android.dependency.excludeLibraryComponentsFromConstraints improves project import performance for very large projects. It should be enabled to improve performance.
To suppress this warning, add android.generateSyncIssueWhenLibraryConstraintsAreEnabled=false to gradle.properties
Add android.sync.suppressAgpWarnings=LIBRARY_CONSTRAINTS_SHOULD_BE_DISABLED to the gradle.properties file to suppress this warning.
WARNING: The property android.dependency.excludeLibraryComponentsFromConstraints improves project import performance for very large projects. It should be enabled to improve performance.
To suppress this warning, add android.generateSyncIssueWhenLibraryConstraintsAreEnabled=false to gradle.properties
Add android.sync.suppressAgpWarnings=LIBRARY_CONSTRAINTS_SHOULD_BE_DISABLED to the gradle.properties file to suppress this warning.
WARNING: The property android.dependency.excludeLibraryComponentsFromConstraints improves project import performance for very large projects. It should be enabled to improve performance.
To suppress this warning, add android.generateSyncIssueWhenLibraryConstraintsAreEnabled=false to gradle.properties
Add android.sync.suppressAgpWarnings=LIBRARY_CONSTRAINTS_SHOULD_BE_DISABLED to the gradle.properties file to suppress this warning.

> Configure project :module:face
WARNING: The property android.dependency.excludeLibraryComponentsFromConstraints improves project import performance for very large projects. It should be enabled to improve performance.
To suppress this warning, add android.generateSyncIssueWhenLibraryConstraintsAreEnabled=false to gradle.properties
Add android.sync.suppressAgpWarnings=LIBRARY_CONSTRAINTS_SHOULD_BE_DISABLED to the gradle.properties file to suppress this warning.
WARNING: The property android.dependency.excludeLibraryComponentsFromConstraints improves project import performance for very large projects. It should be enabled to improve performance.
To suppress this warning, add android.generateSyncIssueWhenLibraryConstraintsAreEnabled=false to gradle.properties
Add android.sync.suppressAgpWarnings=LIBRARY_CONSTRAINTS_SHOULD_BE_DISABLED to the gradle.properties file to suppress this warning.
WARNING: The property android.dependency.excludeLibraryComponentsFromConstraints improves project import performance for very large projects. It should be enabled to improve performance.
To suppress this warning, add android.generateSyncIssueWhenLibraryConstraintsAreEnabled=false to gradle.properties
Add android.sync.suppressAgpWarnings=LIBRARY_CONSTRAINTS_SHOULD_BE_DISABLED to the gradle.properties file to suppress this warning.
WARNING: The property android.dependency.excludeLibraryComponentsFromConstraints improves project import performance for very large projects. It should be enabled to improve performance.
To suppress this warning, add android.generateSyncIssueWhenLibraryConstraintsAreEnabled=false to gradle.properties
Add android.sync.suppressAgpWarnings=LIBRARY_CONSTRAINTS_SHOULD_BE_DISABLED to the gradle.properties file to suppress this warning.
face: 'annotationProcessor' dependencies won't be recognized as kapt annotation processors. Please change the configuration name to 'kapt' for these artifacts: 'com.github.bumptech.glide:compiler:4.16.0'.

> Configure project :module:main
WARNING: The property android.dependency.excludeLibraryComponentsFromConstraints improves project import performance for very large projects. It should be enabled to improve performance.
To suppress this warning, add android.generateSyncIssueWhenLibraryConstraintsAreEnabled=false to gradle.properties
Add android.sync.suppressAgpWarnings=LIBRARY_CONSTRAINTS_SHOULD_BE_DISABLED to the gradle.properties file to suppress this warning.
WARNING: The property android.dependency.excludeLibraryComponentsFromConstraints improves project import performance for very large projects. It should be enabled to improve performance.
To suppress this warning, add android.generateSyncIssueWhenLibraryConstraintsAreEnabled=false to gradle.properties
Add android.sync.suppressAgpWarnings=LIBRARY_CONSTRAINTS_SHOULD_BE_DISABLED to the gradle.properties file to suppress this warning.
WARNING: The property android.dependency.excludeLibraryComponentsFromConstraints improves project import performance for very large projects. It should be enabled to improve performance.
To suppress this warning, add android.generateSyncIssueWhenLibraryConstraintsAreEnabled=false to gradle.properties
Add android.sync.suppressAgpWarnings=LIBRARY_CONSTRAINTS_SHOULD_BE_DISABLED to the gradle.properties file to suppress this warning.
WARNING: The property android.dependency.excludeLibraryComponentsFromConstraints improves project import performance for very large projects. It should be enabled to improve performance.
To suppress this warning, add android.generateSyncIssueWhenLibraryConstraintsAreEnabled=false to gradle.properties
Add android.sync.suppressAgpWarnings=LIBRARY_CONSTRAINTS_SHOULD_BE_DISABLED to the gradle.properties file to suppress this warning.

> Configure project :module:openzoomlib
WARNING: The property android.dependency.excludeLibraryComponentsFromConstraints improves project import performance for very large projects. It should be enabled to improve performance.
To suppress this warning, add android.generateSyncIssueWhenLibraryConstraintsAreEnabled=false to gradle.properties
Add android.sync.suppressAgpWarnings=LIBRARY_CONSTRAINTS_SHOULD_BE_DISABLED to the gradle.properties file to suppress this warning.
WARNING: The property android.dependency.excludeLibraryComponentsFromConstraints improves project import performance for very large projects. It should be enabled to improve performance.
To suppress this warning, add android.generateSyncIssueWhenLibraryConstraintsAreEnabled=false to gradle.properties
Add android.sync.suppressAgpWarnings=LIBRARY_CONSTRAINTS_SHOULD_BE_DISABLED to the gradle.properties file to suppress this warning.
WARNING: The property android.dependency.excludeLibraryComponentsFromConstraints improves project import performance for very large projects. It should be enabled to improve performance.
To suppress this warning, add android.generateSyncIssueWhenLibraryConstraintsAreEnabled=false to gradle.properties
Add android.sync.suppressAgpWarnings=LIBRARY_CONSTRAINTS_SHOULD_BE_DISABLED to the gradle.properties file to suppress this warning.
WARNING: The property android.dependency.excludeLibraryComponentsFromConstraints improves project import performance for very large projects. It should be enabled to improve performance.
To suppress this warning, add android.generateSyncIssueWhenLibraryConstraintsAreEnabled=false to gradle.properties
Add android.sync.suppressAgpWarnings=LIBRARY_CONSTRAINTS_SHOULD_BE_DISABLED to the gradle.properties file to suppress this warning.

> Configure project :module:selector
WARNING: The property android.dependency.excludeLibraryComponentsFromConstraints improves project import performance for very large projects. It should be enabled to improve performance.
To suppress this warning, add android.generateSyncIssueWhenLibraryConstraintsAreEnabled=false to gradle.properties
Add android.sync.suppressAgpWarnings=LIBRARY_CONSTRAINTS_SHOULD_BE_DISABLED to the gradle.properties file to suppress this warning.
WARNING: The property android.dependency.excludeLibraryComponentsFromConstraints improves project import performance for very large projects. It should be enabled to improve performance.
To suppress this warning, add android.generateSyncIssueWhenLibraryConstraintsAreEnabled=false to gradle.properties
Add android.sync.suppressAgpWarnings=LIBRARY_CONSTRAINTS_SHOULD_BE_DISABLED to the gradle.properties file to suppress this warning.
WARNING: The property android.dependency.excludeLibraryComponentsFromConstraints improves project import performance for very large projects. It should be enabled to improve performance.
To suppress this warning, add android.generateSyncIssueWhenLibraryConstraintsAreEnabled=false to gradle.properties
Add android.sync.suppressAgpWarnings=LIBRARY_CONSTRAINTS_SHOULD_BE_DISABLED to the gradle.properties file to suppress this warning.
WARNING: The property android.dependency.excludeLibraryComponentsFromConstraints improves project import performance for very large projects. It should be enabled to improve performance.
To suppress this warning, add android.generateSyncIssueWhenLibraryConstraintsAreEnabled=false to gradle.properties
Add android.sync.suppressAgpWarnings=LIBRARY_CONSTRAINTS_SHOULD_BE_DISABLED to the gradle.properties file to suppress this warning.

> Task :a:checkKotlinGradlePluginConfigurationErrors SKIPPED
> Task :a:preBuild UP-TO-DATE
> Task :a:preDebugBuild UP-TO-DATE
> Task :module:architecture:preBuild UP-TO-DATE
> Task :module:architecture:preDebugBuild UP-TO-DATE
> Task :module:architecture:dataBindingMergeDependencyArtifactsDebug UP-TO-DATE
> Task :module:architecture:generateDebugResValues UP-TO-DATE
> Task :module:architecture:generateDebugResources UP-TO-DATE
> Task :module:architecture:packageDebugResources UP-TO-DATE
> Task :module:architecture:processDebugNavigationResources UP-TO-DATE
> Task :module:architecture:parseDebugLocalResources UP-TO-DATE
> Task :module:architecture:dataBindingGenBaseClassesDebug UP-TO-DATE
> Task :module:architecture:checkKotlinGradlePluginConfigurationErrors SKIPPED
> Task :module:architecture:dataBindingTriggerDebug UP-TO-DATE
> Task :module:architecture:generateDebugBuildConfig UP-TO-DATE
> Task :module:architecture:generateDebugRFile UP-TO-DATE
> Task :module:architecture:kspDebugKotlin UP-TO-DATE
> Task :module:architecture:kaptGenerateStubsDebugKotlin UP-TO-DATE
> Task :module:architecture:kaptDebugKotlin UP-TO-DATE
> Task :key:preBuild UP-TO-DATE
> Task :key:preDebugBuild UP-TO-DATE
> Task :key:generateDebugResValues UP-TO-DATE
> Task :key:generateDebugResources UP-TO-DATE
> Task :key:packageDebugResources UP-TO-DATE
> Task :key:processDebugNavigationResources UP-TO-DATE
> Task :key:parseDebugLocalResources UP-TO-DATE
> Task :key:generateDebugRFile UP-TO-DATE
> Task :module:drawboard:preBuild UP-TO-DATE
> Task :module:drawboard:preDebugBuild UP-TO-DATE
> Task :module:drawboard:generateDebugResValues UP-TO-DATE
> Task :module:drawboard:generateDebugResources UP-TO-DATE
> Task :module:drawboard:packageDebugResources UP-TO-DATE
> Task :module:drawboard:processDebugNavigationResources UP-TO-DATE
> Task :module:drawboard:parseDebugLocalResources UP-TO-DATE
> Task :module:drawboard:generateDebugRFile UP-TO-DATE
> Task :module:face:preBuild UP-TO-DATE
> Task :module:face:preDebugBuild UP-TO-DATE
> Task :module:openzoomlib:preBuild UP-TO-DATE
> Task :module:openzoomlib:preDebugBuild UP-TO-DATE
> Task :module:openzoomlib:dataBindingMergeDependencyArtifactsDebug UP-TO-DATE
> Task :module:openzoomlib:generateDebugResValues UP-TO-DATE
> Task :module:openzoomlib:generateDebugResources UP-TO-DATE
> Task :module:openzoomlib:packageDebugResources UP-TO-DATE
> Task :module:openzoomlib:processDebugNavigationResources UP-TO-DATE
> Task :module:openzoomlib:parseDebugLocalResources UP-TO-DATE
> Task :module:openzoomlib:dataBindingGenBaseClassesDebug UP-TO-DATE
> Task :module:openzoomlib:checkKotlinGradlePluginConfigurationErrors SKIPPED
> Task :module:openzoomlib:dataBindingTriggerDebug UP-TO-DATE
> Task :module:openzoomlib:generateDebugRFile UP-TO-DATE
> Task :module:openzoomlib:kspDebugKotlin SKIPPED
> Task :module:openzoomlib:kaptGenerateStubsDebugKotlin UP-TO-DATE
> Task :module:openzoomlib:kaptDebugKotlin UP-TO-DATE
> Task :module:selector:preBuild UP-TO-DATE
> Task :module:selector:preDebugBuild UP-TO-DATE
> Task :module:selector:dataBindingMergeDependencyArtifactsDebug UP-TO-DATE
> Task :module:selector:generateDebugResValues UP-TO-DATE
> Task :module:selector:generateDebugResources UP-TO-DATE
> Task :module:selector:packageDebugResources UP-TO-DATE
> Task :module:selector:processDebugNavigationResources UP-TO-DATE
> Task :module:selector:parseDebugLocalResources UP-TO-DATE
> Task :module:selector:dataBindingGenBaseClassesDebug UP-TO-DATE
> Task :module:selector:dataBindingTriggerDebug UP-TO-DATE
> Task :module:selector:generateDebugBuildConfig UP-TO-DATE
> Task :module:selector:generateDebugRFile UP-TO-DATE
> Task :module:selector:javaPreCompileDebug UP-TO-DATE
> Task :module:selector:compileDebugJavaWithJavac UP-TO-DATE
> Task :module:face:dataBindingMergeDependencyArtifactsDebug UP-TO-DATE
> Task :module:face:generateDebugResValues UP-TO-DATE
> Task :module:face:generateDebugResources UP-TO-DATE
> Task :module:face:packageDebugResources UP-TO-DATE
> Task :module:face:processDebugNavigationResources UP-TO-DATE
> Task :module:face:parseDebugLocalResources UP-TO-DATE
> Task :module:face:dataBindingGenBaseClassesDebug UP-TO-DATE
> Task :key:checkKotlinGradlePluginConfigurationErrors SKIPPED
> Task :key:compileDebugKotlin UP-TO-DATE
> Task :key:javaPreCompileDebug UP-TO-DATE
> Task :key:compileDebugJavaWithJavac NO-SOURCE
> Task :key:bundleLibCompileToJarDebug UP-TO-DATE
> Task :module:architecture:compileDebugKotlin UP-TO-DATE
> Task :module:architecture:javaPreCompileDebug UP-TO-DATE
> Task :module:architecture:compileDebugJavaWithJavac UP-TO-DATE
> Task :module:architecture:bundleLibCompileToJarDebug UP-TO-DATE
> Task :module:drawboard:javaPreCompileDebug UP-TO-DATE
> Task :module:drawboard:compileDebugJavaWithJavac UP-TO-DATE
> Task :module:drawboard:bundleLibCompileToJarDebug UP-TO-DATE
> Task :module:face:checkKotlinGradlePluginConfigurationErrors SKIPPED
> Task :module:face:dataBindingTriggerDebug UP-TO-DATE
> Task :module:face:generateDebugBuildConfig UP-TO-DATE
> Task :module:face:generateDebugRFile UP-TO-DATE
> Task :module:openzoomlib:compileDebugKotlin NO-SOURCE
> Task :module:openzoomlib:javaPreCompileDebug UP-TO-DATE
> Task :module:openzoomlib:compileDebugJavaWithJavac UP-TO-DATE
> Task :module:openzoomlib:bundleLibCompileToJarDebug UP-TO-DATE
> Task :module:selector:bundleLibCompileToJarDebug UP-TO-DATE
> Task :module:face:kspDebugKotlin UP-TO-DATE
> Task :module:face:kaptGenerateStubsDebugKotlin UP-TO-DATE
> Task :module:face:kaptDebugKotlin UP-TO-DATE
> Task :a:dataBindingMergeDependencyArtifactsDebug UP-TO-DATE
> Task :a:generateDebugResValues UP-TO-DATE
> Task :a:generateDebugResources UP-TO-DATE
> Task :a:packageDebugResources UP-TO-DATE
> Task :a:processDebugNavigationResources UP-TO-DATE
> Task :a:parseDebugLocalResources UP-TO-DATE
> Task :a:dataBindingGenBaseClassesDebug UP-TO-DATE
> Task :a:dataBindingTriggerDebug UP-TO-DATE
> Task :a:generateDebugBuildConfig UP-TO-DATE
> Task :a:generateDebugRFile UP-TO-DATE
> Task :module:face:compileDebugKotlin UP-TO-DATE
> Task :module:face:javaPreCompileDebug UP-TO-DATE
> Task :module:face:compileDebugJavaWithJavac UP-TO-DATE
> Task :module:face:bundleLibCompileToJarDebug UP-TO-DATE
> Task :a:kspDebugKotlin SKIPPED
> Task :a:kaptGenerateStubsDebugKotlin
> Task :a:kaptDebugKotlin
> Task :a:compileDebugKotlin

[Incubating] Problems report is available at: file:///D:/ASWorkspace/YN/Alviora/Alviora/build/reports/problems/problems-report.html

Deprecated Gradle features were used in this build, making it incompatible with Gradle 10.

You can use '--warning-mode all' to show the individual deprecation warnings and determine if they come from your own scripts or plugins.

For more on this, please refer to https://docs.gradle.org/9.7.1/userguide/command_line_interface.html#sec:command_line_warnings in the Gradle documentation.

BUILD SUCCESSFUL in 43s
92 actionable tasks: 3 executed, 89 up-to-date
Consider enabling configuration cache to speed up this build: https://docs.gradle.org/9.7.1/userguide/configuration_cache_enabling.html
